
Admin@DESKTOP-HGNLPEA MINGW64 ~ (master)
$ cd D:\
> ;

Admin@DESKTOP-HGNLPEA MINGW64 /d
$ mkdir pravi

Admin@DESKTOP-HGNLPEA MINGW64 /d
$ ls
'$RECYCLE.BIN'/  'DevOps softwares'/  'Power BI'/                    hello/                                    mongosh-2.4.2-win32-x64/   thirdsem/
 3VC22CD030/     'MS Office 2007'/    'System Volume Information'/   html/                                    'new system software'/      ubuntu-24.04.2-desktop-amd64.iso
 3vc20cs065/     'New folder'/         apache-maven-3.9.9/           jenkins/                                  pravi/                     xampp-windows-x64-8.0.30-0-VS16-installer.exe*
 ADA-A14/        'New folder (2)'/     gradle-8.13/                  mongodb-windows-x86_64-8.0.6-signed.msi   sahana/

Admin@DESKTOP-HGNLPEA MINGW64 /d
$ cd pravi

Admin@DESKTOP-HGNLPEA MINGW64 /d/pravi
$ git status
fatal: detected dubious ownership in repository at 'D:/'
'D:/' is owned by:
        NT AUTHORITY/SYSTEM (S-1-5-18)
but the current user is:
        DESKTOP-HGNLPEA/Admin (S-1-5-21-1373108819-3052830284-3379941586-1001)
To add an exception for this directory, call:

        git config --global --add safe.directory D:/

Admin@DESKTOP-HGNLPEA MINGW64 /d/pravi
$ git init
Initialized empty Git repository in D:/pravi/.git/

Admin@DESKTOP-HGNLPEA MINGW64 /d/pravi (master)
$ git clone https://github.com/pravykyakandibedala/3VC24CS099.git
Cloning into '3VC24CS099'...
remote: Enumerating objects: 3, done.
remote: Counting objects: 100% (3/3), done.
remote: Total 3 (delta 0), reused 0 (delta 0), pack-reused 0 (from 0)
Receiving objects: 100% (3/3), done.

Admin@DESKTOP-HGNLPEA MINGW64 /d/pravi (master)
$ ls
3VC24CS099/

Admin@DESKTOP-HGNLPEA MINGW64 /d/pravi (master)
$ cd 3VC24CS099

Admin@DESKTOP-HGNLPEA MINGW64 /d/pravi/3VC24CS099 (main)
$ git init
Reinitialized existing Git repository in D:/pravi/3VC24CS099/.git/

Admin@DESKTOP-HGNLPEA MINGW64 /d/pravi/3VC24CS099 (main)
$ git config --global user.name "pravykyakandibedala"

Admin@DESKTOP-HGNLPEA MINGW64 /d/pravi/3VC24CS099 (main)
$ git config --global user.name
pravykyakandibedala

Admin@DESKTOP-HGNLPEA MINGW64 /d/pravi/3VC24CS099 (main)
$ git config --global user.email "pravykyakandibedala@gmail.com"

Admin@DESKTOP-HGNLPEA MINGW64 /d/pravi/3VC24CS099 (main)
$ git config --global user.email
pravykyakandibedala@gmail.com

Admin@DESKTOP-HGNLPEA MINGW64 /d/pravi/3VC24CS099 (main)
$ git config --list
diff.astextplain.textconv=astextplain
filter.lfs.clean=git-lfs clean -- %f
filter.lfs.smudge=git-lfs smudge -- %f
filter.lfs.process=git-lfs filter-process
filter.lfs.required=true
http.sslbackend=schannel
core.autocrlf=true
core.fscache=true
core.symlinks=false
pull.rebase=false
credential.helper=manager
credential.https://dev.azure.com.usehttppath=true
init.defaultbranch=master
user.name=pravykyakandibedala
user.email=pravykyakandibedala@gmail.com
core.repositoryformatversion=0
core.filemode=false
core.bare=false
core.logallrefupdates=true
core.symlinks=false
core.ignorecase=true
remote.origin.url=https://github.com/pravykyakandibedala/3VC24CS099.git
remote.origin.fetch=+refs/heads/*:refs/remotes/origin/*
branch.main.remote=origin
branch.main.merge=refs/heads/main

Admin@DESKTOP-HGNLPEA MINGW64 /d/pravi/3VC24CS099 (main)
$ touch hello.txt

Admin@DESKTOP-HGNLPEA MINGW64 /d/pravi/3VC24CS099 (main)
$ touch hi.txt

Admin@DESKTOP-HGNLPEA MINGW64 /d/pravi/3VC24CS099 (main)
$ git stauts
git: 'stauts' is not a git command. See 'git --help'.

The most similar command is
        status

Admin@DESKTOP-HGNLPEA MINGW64 /d/pravi/3VC24CS099 (main)
$ git status
On branch main
Your branch is up to date with 'origin/main'.

Untracked files:
  (use "git add <file>..." to include in what will be committed)
        hello.txt
        hi.txt

nothing added to commit but untracked files present (use "git add" to track)

Admin@DESKTOP-HGNLPEA MINGW64 /d/pravi/3VC24CS099 (main)
$ git add hello.txt

Admin@DESKTOP-HGNLPEA MINGW64 /d/pravi/3VC24CS099 (main)
$ git status
On branch main
Your branch is up to date with 'origin/main'.

Changes to be committed:
  (use "git restore --staged <file>..." to unstage)
        new file:   hello.txt

Untracked files:
  (use "git add <file>..." to include in what will be committed)
        hi.txt


Admin@DESKTOP-HGNLPEA MINGW64 /d/pravi/3VC24CS099 (main)
$ git add hi.txt

Admin@DESKTOP-HGNLPEA MINGW64 /d/pravi/3VC24CS099 (main)
$ git status
On branch main
Your branch is up to date with 'origin/main'.

Changes to be committed:
  (use "git restore --staged <file>..." to unstage)
        new file:   hello.txt
        new file:   hi.txt


Admin@DESKTOP-HGNLPEA MINGW64 /d/pravi/3VC24CS099 (main)
$ git commit -m "hi"
[main 70b2962] hi
 2 files changed, 0 insertions(+), 0 deletions(-)
 create mode 100644 hello.txt
 create mode 100644 hi.txt

Admin@DESKTOP-HGNLPEA MINGW64 /d/pravi/3VC24CS099 (main)
$ git status
On branch main
Your branch is ahead of 'origin/main' by 1 commit.
  (use "git push" to publish your local commits)

nothing to commit, working tree clean

Admin@DESKTOP-HGNLPEA MINGW64 /d/pravi/3VC24CS099 (main)
$ git push origine main
fatal: 'origine' does not appear to be a git repository
fatal: Could not read from remote repository.

Please make sure you have the correct access rights
and the repository exists.

Admin@DESKTOP-HGNLPEA MINGW64 /d/pravi/3VC24CS099 (main)
$ git push origin main
info: please complete authentication in your browser...
Enumerating objects: 4, done.
Counting objects: 100% (4/4), done.
Delta compression using up to 6 threads
Compressing objects: 100% (2/2), done.
Writing objects: 100% (3/3), 278 bytes | 278.00 KiB/s, done.
Total 3 (delta 0), reused 0 (delta 0), pack-reused 0 (from 0)
To https://github.com/pravykyakandibedala/3VC24CS099.git
   7211f62..70b2962  main -> main

Admin@DESKTOP-HGNLPEA MINGW64 /d/pravi/3VC24CS099 (main)
$
